[p.w3layouts.com/demos/may-2016/05-05-2016/youth_fashion/web/index.html]
[backblue.gif]
[fade.gif]
[index.html]
[p.w3layouts.com/demos/may-2016/05-05-2016/youth_fashion/web/css/bootstrap-3.1.1.min.css]
[p.w3layouts.com/demos/may-2016/05-05-2016/youth_fashion/web/js/jquery.min.js]
[p.w3layouts.com/demos/may-2016/05-05-2016/youth_fashion/web/css/style.css]
[p.w3layouts.com/demos/may-2016/05-05-2016/youth_fashion/web/js/bootstrap.min.js]
[p.w3layouts.com/demos/may-2016/05-05-2016/youth_fashion/web/js/simpleCart.min.js]
[p.w3layouts.com/demos/may-2016/05-05-2016/youth_fashion/web/js/responsiveslides.min.js]
[p.w3layouts.com/demos/may-2016/05-05-2016/youth_fashion/web/css/animate.min.css]
[p.w3layouts.com/demos/may-2016/05-05-2016/youth_fashion/web/js/wow.min.js]
[p.w3layouts.com/demos/may-2016/05-05-2016/youth_fashion/web/checkout.html]
[p.w3layouts.com/demos/may-2016/05-05-2016/youth_fashion/web/images/cart.png]
[p.w3layouts.com/demos/may-2016/05-05-2016/youth_fashion/web/women.html]
[p.w3layouts.com/demos/may-2016/05-05-2016/youth_fashion/web/images/t7.jpg]
[p.w3layouts.com/demos/may-2016/05-05-2016/youth_fashion/web/images/t8.jpg]
[p.w3layouts.com/demos/may-2016/05-05-2016/youth_fashion/web/images/t9.jpg]
[p.w3layouts.com/demos/may-2016/05-05-2016/youth_fashion/web/images/t11.jpg]
[p.w3layouts.com/demos/may-2016/05-05-2016/youth_fashion/web/images/t1.jpg]
[p.w3layouts.com/demos/may-2016/05-05-2016/youth_fashion/web/images/t12.jpg]
[p.w3layouts.com/demos/may-2016/05-05-2016/youth_fashion/web/men.html]
[p.w3layouts.com/demos/may-2016/05-05-2016/youth_fashion/web/images/t10.jpg]
[p.w3layouts.com/demos/may-2016/05-05-2016/youth_fashion/web/images/t2.jpg]
[p.w3layouts.com/demos/may-2016/05-05-2016/youth_fashion/web/images/t3.jpg]
[p.w3layouts.com/demos/may-2016/05-05-2016/youth_fashion/web/images/t4.jpg]
[p.w3layouts.com/demos/may-2016/05-05-2016/youth_fashion/web/images/t5.jpg]
[p.w3layouts.com/demos/may-2016/05-05-2016/youth_fashion/web/images/t6.jpg]
[p.w3layouts.com/demos/may-2016/05-05-2016/youth_fashion/web/products.html]
[p.w3layouts.com/demos/may-2016/05-05-2016/youth_fashion/web/account.html]
[p.w3layouts.com/demos/may-2016/05-05-2016/youth_fashion/web/contact.html]
[p.w3layouts.com/demos/may-2016/05-05-2016/youth_fashion/web/css/popuo-box.css]
[p.w3layouts.com/demos/may-2016/05-05-2016/youth_fashion/web/js/jquery.magnific-popup.js]
[p.w3layouts.com/demos/may-2016/05-05-2016/youth_fashion/web/images/1.jpg]
[p.w3layouts.com/demos/may-2016/05-05-2016/youth_fashion/web/images/3.jpg]
[p.w3layouts.com/demos/may-2016/05-05-2016/youth_fashion/web/images/2.jpg]
[p.w3layouts.com/demos/may-2016/05-05-2016/youth_fashion/web/single.html]
[p.w3layouts.com/demos/may-2016/05-05-2016/youth_fashion/web/images/pi5.png]
[p.w3layouts.com/demos/may-2016/05-05-2016/youth_fashion/web/images/pi4.png]
[p.w3layouts.com/demos/may-2016/05-05-2016/youth_fashion/web/images/pi3.png]
[p.w3layouts.com/demos/may-2016/05-05-2016/youth_fashion/web/images/pi2.png]
[p.w3layouts.com/demos/may-2016/05-05-2016/youth_fashion/web/images/pi6.png]
[p.w3layouts.com/demos/may-2016/05-05-2016/youth_fashion/web/images/pi8.png]
[p.w3layouts.com/demos/may-2016/05-05-2016/youth_fashion/web/images/6.jpg]
[p.w3layouts.com/demos/may-2016/05-05-2016/youth_fashion/web/images/10.jpg]
[p.w3layouts.com/demos/may-2016/05-05-2016/youth_fashion/web/images/9.jpg]
[p.w3layouts.com/demos/may-2016/05-05-2016/youth_fashion/web/images/12.jpg]
[p.w3layouts.com/demos/may-2016/05-05-2016/youth_fashion/web/images/13.jpg]
[p.w3layouts.com/demos/may-2016/05-05-2016/youth_fashion/web/images/14.jpg]
[p.w3layouts.com/demos/may-2016/05-05-2016/youth_fashion/web/images/pi9.png]
[p.w3layouts.com/demos/may-2016/05-05-2016/youth_fashion/web/images/pi10.png]
[p.w3layouts.com/demos/may-2016/05-05-2016/youth_fashion/web/images/pi11.png]
[p.w3layouts.com/demos/may-2016/05-05-2016/youth_fashion/web/images/pi12.png]
[p.w3layouts.com/demos/may-2016/05-05-2016/youth_fashion/web/index.html]
[p.w3layouts.com/demos/may-2016/05-05-2016/youth_fashion/web/fonts/glyphicons-halflings-regular.eot]
[p.w3layouts.com/demos/may-2016/05-05-2016/youth_fashion/web/fonts/glyphicons-halflings-regulard41d.eot]
[p.w3layouts.com/demos/may-2016/05-05-2016/youth_fashion/web/fonts/glyphicons-halflings-regular.woff]
[p.w3layouts.com/demos/may-2016/05-05-2016/youth_fashion/web/fonts/glyphicons-halflings-regular.ttf]
[p.w3layouts.com/demos/may-2016/05-05-2016/youth_fashion/web/css/bootstrap-3.1.1.min.css]
[p.w3layouts.com/demos/may-2016/05-05-2016/youth_fashion/web/fonts/glyphicons-halflings-regular.svg]
[p.w3layouts.com/demos/may-2016/05-05-2016/youth_fashion/web/fonts/Roboto-Regular.ttf]
[p.w3layouts.com/demos/may-2016/05-05-2016/youth_fashion/web/images/11.jpg]
[p.w3layouts.com/demos/may-2016/05-05-2016/youth_fashion/web/images/img-sprite.png]
[p.w3layouts.com/demos/may-2016/05-05-2016/youth_fashion/web/images/check.png]
[p.w3layouts.com/demos/may-2016/05-05-2016/youth_fashion/web/css/style.css]
[p.w3layouts.com/demos/may-2016/05-05-2016/youth_fashion/web/css/animate.min.css]
[p.w3layouts.com/demos/may-2016/05-05-2016/youth_fashion/web/images/ce.jpg]
[p.w3layouts.com/demos/may-2016/05-05-2016/youth_fashion/web/images/ce1.jpg]
[p.w3layouts.com/demos/may-2016/05-05-2016/youth_fashion/web/images/ce2.jpg]
[p.w3layouts.com/demos/may-2016/05-05-2016/youth_fashion/web/checkout.html]
[p.w3layouts.com/demos/may-2016/05-05-2016/youth_fashion/web/images/pi.png]
[p.w3layouts.com/demos/may-2016/05-05-2016/youth_fashion/web/images/pi1.png]
[p.w3layouts.com/demos/may-2016/05-05-2016/youth_fashion/web/images/pi7.png]
[p.w3layouts.com/demos/may-2016/05-05-2016/youth_fashion/web/product.html]
[p.w3layouts.com/demos/may-2016/05-05-2016/youth_fashion/web/images/pr.jpg]
[p.w3layouts.com/demos/may-2016/05-05-2016/youth_fashion/web/images/pr1.jpg]
[p.w3layouts.com/demos/may-2016/05-05-2016/youth_fashion/web/images/pr2.jpg]
[p.w3layouts.com/demos/may-2016/05-05-2016/youth_fashion/web/images/pr3.jpg]
[p.w3layouts.com/demos/may-2016/05-05-2016/youth_fashion/web/women.html]
[p.w3layouts.com/demos/may-2016/05-05-2016/youth_fashion/web/men.html]
[p.w3layouts.com/demos/may-2016/05-05-2016/youth_fashion/web/products.html]
[p.w3layouts.com/demos/may-2016/05-05-2016/youth_fashion/web/account.html]
[p.w3layouts.com/demos/may-2016/05-05-2016/youth_fashion/web/contact.html]
[p.w3layouts.com/demos/may-2016/05-05-2016/youth_fashion/web/register.html]
[p.w3layouts.com/demos/may-2016/05-05-2016/youth_fashion/web/images/search.png]
[p.w3layouts.com/demos/may-2016/05-05-2016/youth_fashion/web/css/popuo-box.css]
[p.w3layouts.com/demos/may-2016/05-05-2016/youth_fashion/web/images/si.jpg]
[p.w3layouts.com/demos/may-2016/05-05-2016/youth_fashion/web/images/si1.jpg]
[p.w3layouts.com/demos/may-2016/05-05-2016/youth_fashion/web/images/si2.jpg]
[p.w3layouts.com/demos/may-2016/05-05-2016/youth_fashion/web/js/imagezoom.js]
[p.w3layouts.com/demos/may-2016/05-05-2016/youth_fashion/web/js/memenu.js]
[p.w3layouts.com/demos/may-2016/05-05-2016/youth_fashion/web/js/jquery.flexslider.js]
[p.w3layouts.com/demos/may-2016/05-05-2016/youth_fashion/web/single.html]
[p.w3layouts.com/demos/may-2016/05-05-2016/youth_fashion/web/fonts/glyphicons-halflings-regular.svg]
[p.w3layouts.com/demos/may-2016/05-05-2016/youth_fashion/web/product.html]
[p.w3layouts.com/demos/may-2016/05-05-2016/youth_fashion/web/register.html]
[p.w3layouts.com/demos/may-2016/05-05-2016/youth_fashion/web/css/flexslider.css]
[p.w3layouts.com/demos/may-2016/05-05-2016/youth_fashion/web/fonts/webfont/flexslider-icon.eot]
[p.w3layouts.com/demos/may-2016/05-05-2016/youth_fashion/web/fonts/webfonts/flexslider-icond41d.eot]
[p.w3layouts.com/demos/may-2016/05-05-2016/youth_fashion/web/fonts/webfonts/flexslider-icon.woff]
[p.w3layouts.com/demos/may-2016/05-05-2016/youth_fashion/web/fonts/webfonts/flexslider-icon.ttf]
[p.w3layouts.com/demos/may-2016/05-05-2016/youth_fashion/web/fonts/webfonts/flexslider-icon.svg]
[p.w3layouts.com/demos/may-2016/05-05-2016/youth_fashion/web/css/flexslider.css]
[p.w3layouts.com/demos/may-2016/05-05-2016/youth_fashion/web/fonts/webfont/flexslider-icon.html]
[p.w3layouts.com/demos/may-2016/05-05-2016/youth_fashion/web/fonts/webfonts/flexslider-icond41d.html]
[p.w3layouts.com/demos/may-2016/05-05-2016/youth_fashion/web/fonts/webfonts/flexslider-icon.html]
[p.w3layouts.com/demos/may-2016/05-05-2016/youth_fashion/web/fonts/webfonts/flexslider-icon-2.html]
[p.w3layouts.com/demos/may-2016/05-05-2016/youth_fashion/web/fonts/webfonts/flexslider-icon-3.html]
